{"page":1,"page_size":1,"total_count":1,"models":[{"name":"spire","version":"0.12.2","displayName":"SPIRE","category":{"name":"Security \u0026 Compliance","metadata":null},"metadata":{"svgColor":"ui/public/static/img/meshmodels/identity-manager/color/workloadidentity-color.svg","svgWhite":"ui/public/static/img/meshmodels/identity-manager/white/workloadidentity-white.svg"},"duplicates":0}]}
