Name: istio_1630011458547
ID: a947dff3-1415-4ca6-8922-e35b3232bd78
Total Results: 1
Endpoint: https://localhost:10000
Load Generators: fortio
Test run duration: 30s
QPS: 1
Service Mesh: istio
Last Run: 2021-08-27 02:27:41
#####################
Name: istio_1630008594586
ID: f331c784-aba0-4944-8d7d-ae264221bcbf
Total Results: 1
Endpoint: https://localhost:10001
Load Generators: fortio
Test run duration: 30s
QPS: 0
Service Mesh: istio
Last Run: 2021-08-27 01:39:59
#####################
Name: TEST 3
ID: 0bc8f57c-38a5-415d-a994-87a3791a931e
Total Results: 1
Endpoint: https://www.youtube.com/watch?v=-f16Qlg8v6Q&ab_channel=StudyMD
Load Generators: fortio
Test run duration: 30s
QPS: 0
Service Mesh: istio
Last Run: 2021-08-25 14:59:33
#####################
Name: istio-20con-30s-total
ID: 848853b6-0ed0-4819-9344-ef5c7b97191b
Total Results: 5
Endpoint: http://10.99.253.159:9080/productpage
Load Generators: fortio
Test run duration: 30s
QPS: 100
Service Mesh: istio
Last Run: 2021-07-11 08:34:30
#####################
Name: istio-5con-30s-origin
ID: 53ff0dce-b097-4e10-9c61-ed192beb14b8
Total Results: 5
Endpoint: http://10.99.253.159:9080/productpage
Load Generators: fortio
Test run duration: 30s
QPS: 100
Service Mesh: istio
Last Run: 2021-07-11 03:51:04
#####################
Name: google-test-fortio
ID: 8bc7ad42-6118-490b-8774-d9200c783e3f
Total Results: 2
Endpoint: https://google.com
Load Generators: fortio
Test run duration: 30s
QPS: 2
Service Mesh: None
Last Run: 2021-07-09 21:24:27
#####################
Name: istio-1con-60s-only-outpod
ID: fd59c627-4afb-4b96-ab15-3d41892a681b
Total Results: 10
Endpoint: http://10.99.253.159:9080/productpage
Load Generators: fortio
Test run duration: 1m
QPS: 50
Service Mesh: istio
Last Run: 2021-07-02 09:13:49
#####################
Name: istio-1con-30s-total
ID: de8fa908-17b3-4f15-be58-217ef4a98306
Total Results: 17
Endpoint: http://10.99.253.159:9080/productpage
Load Generators: fortio
Test run duration: 30s
QPS: 50
Service Mesh: istio
Last Run: 2021-07-11 08:06:34
#####################
Name: istio-10con-30s-only-inpod
ID: 894b551b-9699-4670-b1cf-5d36092834d3
Total Results: 10
Endpoint: http://10.99.253.159:9080/productpage
Load Generators: fortio
Test run duration: 30s
QPS: 100
Service Mesh: istio
Last Run: 2021-07-01 07:17:37
#####################
Name: istio-1con-15s-only-inpod
ID: e0ea0154-6ec7-4245-8cb2-b2f4cea6dde0
Total Results: 10
Endpoint: http://10.99.253.159:9080/productpage
Load Generators: fortio
Test run duration: 15s
QPS: 50
Service Mesh: istio
Last Run: 2021-07-01 07:39:53
#####################
Name: istio-1con-60s-only-inpod
ID: dc0e3404-587c-46ac-9269-871c4f055f11
Total Results: 10
Endpoint: http://10.99.253.159:9080/productpage
Load Generators: fortio
Test run duration: 1m
QPS: 50
Service Mesh: istio
Last Run: 2021-07-01 06:52:51
#####################
Name: istio-1con-30s-only-inpod
ID: 6d948d2d-6a1e-48dc-97ae-53ad9326bf3a
Total Results: 10
Endpoint: http://10.99.253.159:9080/productpage
Load Generators: fortio
Test run duration: 30s
QPS: 50
Service Mesh: istio
Last Run: 2021-07-01 07:03:26
#####################
Name: istio-1con-15s-origin
ID: 5d55f3c7-7b3d-4e15-94f2-09c407cd45e6
Total Results: 16
Endpoint: http://10.99.253.159:9080/productpage
Load Generators: fortio
Test run duration: 15s
QPS: 50
Service Mesh: istio
Last Run: 2021-07-10 03:27:05
#####################
Name: istio-10con-30s-origin
ID: 491f3636-6628-47a8-9231-0d402f24f687
Total Results: 12
Endpoint: http://10.99.253.159:9080/productpage
Load Generators: fortio
Test run duration: 30s
QPS: 100
Service Mesh: istio
Last Run: 2021-07-10 03:17:25
#####################
Name: istio-1con-60s-origin
ID: 15d2d56d-e211-4f8d-9a99-090610b66125
Total Results: 10
Endpoint: http://10.99.253.159:9080/productpage
Load Generators: fortio
Test run duration: 1m
QPS: 50
Service Mesh: istio
Last Run: 2021-07-01 05:46:49
#####################
Name: istio-1con-30s-origin
ID: 3d3a78ad-bf5e-4d3b-b4d6-0c33048ff4f0
Total Results: 19
Endpoint: http://10.99.253.159:9080/productpage
Load Generators: fortio
Test run duration: 30s
QPS: 50
Service Mesh: istio
Last Run: 2021-07-11 02:14:20
#####################
Name: bob perf
ID: 47c0f83b-ee85-460a-b0be-1ed283e9dde5
Total Results: 1
Endpoint: https://bob.com
Load Generators: fortio
Test run duration: 30s
QPS: 0
Service Mesh: None
Last Run: 2021-06-26 06:24:17
#####################
Name: bobnew
ID: 9d7f7b7c-bf2b-4e5f-9322-a5bf6f16f657
Total Results: 1
Endpoint: https://bob.com
Load Generators: fortio
Test run duration: 30s
QPS: 0
Service Mesh: None
Last Run: 2021-06-26 06:23:22
#####################
Name: ih-test
ID: 597edd67-c865-414e-bf77-1e016fb2e22b
Total Results: 2
Endpoint: http://imagehub.meshery.io:31004/pull
Load Generators: fortio
Test run duration: 3s
QPS: 1
Service Mesh: istio
Last Run: 2021-06-23 18:38:28
#####################
Name: consul_1624390216402
ID: e39bdaea-121e-4e18-840b-7e79e31d075b
Total Results: 11
Endpoint: https://www.google.com
Load Generators: nighthawk
Test run duration: 30s
QPS: 2
Service Mesh: consul
Last Run: 2021-06-22 19:36:32
#####################
Name: No mesh_1624390049426
ID: 60b89a6e-9925-4899-b018-eaeadd4d2e41
Total Results: 1
Endpoint: https://www.google.com
Load Generators: wrk2
Test run duration: 15s
QPS: 0
Service Mesh: 
Last Run: 2021-06-22 19:27:29
#####################
Name: No mesh_1624390029119
ID: 4c925b66-ea1d-4f67-9752-a47b16395250
Total Results: 1
Endpoint: https://www.google.com
Load Generators: fortio
Test run duration: 30s
QPS: 0
Service Mesh: 
Last Run: 2021-06-22 19:27:09
#####################
Name: Nighthawk with content-type
ID: 18358dfc-a009-4c76-9ab9-dfef33224b3b
Total Results: 45
Endpoint: https://www.google.com
Load Generators: nighthawk
Test run duration: 30s
QPS: 0
Service Mesh: app mesh
Last Run: 2021-06-22 19:25:32
#####################
Name: Istio Perf Test
ID: 46a84959-24cf-486f-b609-1494f0767cda
Total Results: 2
Endpoint: http://127.0.0.1:44273/productpage
Load Generators: fortio
Test run duration: 15s
QPS: 0
Service Mesh: istio
Last Run: 2021-06-14 15:53:14
#####################
Name: Test-dap
ID: c0458578-2e96-43f8-89b7-1ede797021f2
Total Results: 4
Endpoint: https://google.com
Load Generators: fortio
Test run duration: 15s
QPS: 1
Service Mesh: None
Last Run: 2021-06-15 19:41:34
#####################
