applications:
- application_file: |
    name: MApplicationPattern # display name in Meshery UI
    services:
      myapp:
        type: Application
        namespace: test
        settings:
          replicas: 1
          containers:
            - name: meshy
              image: utkarsh23/meshy:v5
              ports:
                - name: http
                  containerPort: 8080
  created_at: "2021-07-31T00:08:31.261142591Z"
  id: b6f6aa96-d0c1-42bb-9972-8f3474f41c27
  location:
    branch: ""
    host: ""
    path: ""
    type: local
  name: MApplicationPattern
  updated_at: "2021-07-31T00:08:31.257413966Z"
  user_id: null
- application_file: |
    name: OApplicationPattern # display name in Meshery UI
    services:
      myapp:
        type: Application
        namespace: test
        settings:
          replicas: 1
          containers:
            - name: meshy
              image: utkarsh23/meshy:v5
              ports:
                - name: http
                  containerPort: 8080
  created_at: "2021-07-30T23:14:38.574468137Z"
  id: 4368ba65-eede-4f69-a062-08026b4b8e42
  location:
    branch: ""
    host: ""
    path: ""
    type: local
  name: OApplicationPattern
  updated_at: "2021-07-30T23:14:38.57316422Z"
  user_id: null
- application_file: |
    name: OApplicationPatternTwo # display name in Meshery UI
    services:
      myapp:
        type: Application
        namespace: test
        settings:
          replicas: 1
          containers:
            - name: meshy
              image: utkarsh23/meshy:v5
              ports:
                - name: http
                  containerPort: 8080
  created_at: "2021-07-30T23:14:12.735845389Z"
  id: ee21e7d3-2b04-4126-acde-c899722de5ad
  location:
    branch: ""
    host: ""
    path: ""
    type: local
  name: OApplicationPatternTwo
  updated_at: "2021-07-30T23:14:12.73454268Z"
  user_id: null
- application_file: |
    name: OApplicationPatternTwo # display name in Meshery UI
    services:
      myapp:
        type: Application
        namespace: test
        settings:
          replicas: 1
          containers:
            - name: meshy
              image: utkarsh23/meshy:v5
              ports:
                - name: http
                  containerPort: 8080
  created_at: "2021-07-30T23:13:56.326739547Z"
  id: e39df138-bd73-47f1-8db4-edfc4027f178
  location:
    branch: ""
    host: ""
    path: ""
    type: local
  name: OApplicationPatternTwo
  updated_at: "2021-07-30T23:13:56.319697422Z"
  user_id: null

