application_file: |
  name: OApplicationPatternTwo # display name in Meshery UI
  services:
    myapp:
      type: Application
      namespace: test
      settings:
        replicas: 1
        containers:
          - name: meshy
            image: utkarsh23/meshy:v5
            ports:
              - name: http
                containerPort: 8080
created_at: "2021-07-30T23:13:56.326739547Z"
id: e39df138-bd73-47f1-8db4-edfc4027f178
location:
  branch: ""
  host: ""
  path: ""
  type: local
name: OApplicationPatternTwo
updated_at: "2021-07-30T23:13:56.319697422Z"
user_id: null

