{
  "page": 0,
  "page_size": 1,
  "total_count": 1,
  "environments": [
    {
      "id": "303ed294-1e3a-4d7f-acf8-dbc8ba4b765e",
      "name": "test-environment",
      "description": "integration test,
      "owner": "test",
      "organization_id": "00000000-0000-0000-0000-000000000000",
      "created_at": "2024-10-11T07:00:24.462441Z",
      "updated_at": "2024-10-11T07:00:24.462444Z",
      "deleted_at": {
        "Time": "0001-01-01T00:00:00Z",
        "Valid": false
      }
    }
  ]
}