contexts:
    local:
        endpoint: http://localhost:9081
        token: Default
        platform: kubernetes
        components:
            - meshery-istio
        channel: stable
        version: latest
current-context: local
tokens:
    - location: auth.json
      name: Default
    - location: auth.json
      name: Default2
