contexts:
    local:
        channel: stable
        components:
            - meshery-istio
        endpoint: http://localhost:9081
        platform: kubernetes
        provider: Meshery
        token: default
        version: latest
    local2:
        channel: stable
        components:
            - meshery-istio
        endpoint: http://localhost:32242
        platform: docker
        provider: Meshery
        token: default2
        version: latest
current-context: local2
tokens:
    - location: auth.json
      name: default
    - location: auth.json
      name: default2
