{
  "id": "11111111-1111-1111-1111-111111111111",
  "name": "minikube",
  "credential_id": "00000000-9c7a-d4ce-4aab-111111111111",
  "type": "platform",
  "sub_type": "orchestrator",
  "kind": "kubernetes",
  "metadata": {
    "deployment_type": "",
    "version": "v1.34.0"
  },
  "status": "connected",
  "created_at": "2026-02-01T10:01:03.577292Z",
  "updated_at": "2026-02-01T10:04:43.869192Z",
  "deleted_at": null,
  "schemaVersion": ""
}
