Creating new Meshery model: test-case-aws-ec2-controller
Creating directory structure...
Generating model definition...
Adding sample components...
Creating sample relationships...
Adding sample connections...
Creating sample credentials...
Created test-case-aws-ec2-controller model at test_case_some_other_custom_dir/with/trailing/separator/test-case-aws-ec2-controller

Next steps:
1. cd test_case_some_other_custom_dir/with/trailing/separator/test-case-aws-ec2-controller
2. Edit model.json to customize your model configuration
3. Add your components in the components/ directory
4. Define relationships in relationships/ directory
5. Add your connections in the connections/ directory
6. Define credentials in credentials/ directory
7. Use 'mesheryctl model build' to package your model

To import this model into Meshery:
$ mesheryctl model import test_case_some_other_custom_dir/with/trailing/separator/test-case-aws-ec2-controller

To export this model as OCI image:
$ mesheryctl exp model build test-case-aws-ec2-controller/v1.2.3 --path test_case_some_other_custom_dir/with/trailing/separator

Detailed guide: https://docs.meshery.io/guides/creating-new-model-with-mesheryctl
