{
  "count": 2,
  "models": [
    {
      "displayName": "MultiVersion Model",
      "version": "v1.0.0",
      "description": "First version.",
      "metadata": {},
      "components": [],
      "relationships": []
    },
    {
      "displayName": "MultiVersion Model",
      "version": "v2.0.0",
      "description": "Second version.",
      "metadata": {},
      "components": [],
      "relationships": []
    }
  ]
} 