at least one of [--kind, --subtype, --type, --model] is required

Usage: mesheryctl exp relationship search [--kind <kind>] [--type <type>] [--subtype <subtype>] [--model <model>]
Run 'mesheryctl exp relationship search --help' | Short Description: Invalid Argument | Probable Cause: Invalid Argument | Suggested Remediation: Please check the arguments passed