id: 00000000-0000-0000-0000-000000000000
capabilities: null
evaluationQuery: null
kind: edge
metadata:
    description: A relationship that defines network edges between components.
    isAnnotation: null
model:
    displayName: ""
    id: 00000000-0000-0000-0000-000000000000
    model:
        version: ""
    name: ""
    registrant:
        kind: ""
    version: ""
schemaVersion: ""
subType: Mount
status: null
type: network
version: v1.0.0
