APP ID  	USER ID	NAME                 	CREATED 	UPDATED  
2acfb2ca	null   	MyApplication        	8-8-2021	8-8-2021	
5b046f74	null   	ApplicationPatternTwo	8-8-2021	8-8-2021	
d1fb41eb	null   	ApplicationPatternOne	8-8-2021	8-8-2021	

   TOTAL       3                                                  

