
Docker 
--------------
!! Docker is not running
✓ docker-compose is available

Kubernetes API 
--------------
✓ can initialize Kubernetes client
✓ can query the Kubernetes API

Kubernetes Version 
--------------
✓ running the minimum kubectl version
✓ running the minimum kubectl version

--------------
--------------
✓✓ Meshery prerequisites met
