
Docker 
--------------
✓ Docker is running
✓ docker-compose is available

Kubernetes API 
--------------
✓ can initialize Kubernetes client
!! cannot query the Kubernetes API

Kubernetes Version 
--------------
!! cannot check Kubernetes version
✓ running the minimum kubectl version

--------------
--------------
✓✓ Meshery prerequisites met
