
Docker 
--------------
✓ Docker is running
✓ docker-compose is available

Kubernetes API 
--------------
!! cannot initialize Kubernetes client
!! cannot query the Kubernetes API

Kubernetes Version 
--------------
!! cannot check Kubernetes version
!! exec: "kubectl": executable file not found in $PATH

--------------
--------------
✓✓ Meshery prerequisites met
