Usage:
  system restart [flags]

Examples:

// Restart all Meshery containers, their instances and their connected volumes
mesheryctl system restart

// (optional) skip checking for new updates available in Meshery.
mesheryctl system restart --skip-update
	

Flags:
  -h, --help          help for restart
      --skip-update   (optional) skip checking for new Meshery's container images.

Global Flags:
  -c, --context string   (optional) temporarily change the current context.
  -y, --yes              (optional) assume yes for user interactive prompts.

