No components found for this design.
No relationships found for this design.
id: test-id
name: empty-design
pattern_file:
  components: []
  name: MesheryGeneratedPatternFile
  relationships: []
  services: {}


----- Design Summary -----
Design Name: empty-design

Note: Components and relationships may appear as null at the top level
but are present inside the pattern_file structure.
Components: None
Relationships: None
-------------------------
