page: 0
page_size: 10
patterns:
- created_at: "2021-07-30T13:37:03.729663Z"
  id: 3817ec9a-1d83-4f6f-9154-0fd4408ba9f0
  location:
    branch: ""
    host: ""
    path: ""
    type: local
  name: Untitled Design
  pattern_file:
    components:
    - name: ""
      namespace: ""
      type: ""
    name: MesheryGeneratedPatternFile
    relationships:
    - kind: ""
      status: ""
      subType: ""
    services:
      Application-0.27908838824537985:
        namespace: Application
        traits:
          meshmap:
            position:
              posX: 209
              posY: 506
        type: Application
  updated_at: "2021-07-30T14:14:10.672636Z"
  user_id: 990f779c-708d-4396-84b8-e2ba37c1adcc
- created_at: "2021-07-30T13:59:24.971527Z"
  id: 0af0b4b0-9656-45a2-b778-0da3446e422f
  location:
    branch: ""
    host: ""
    path: ""
    type: local
  name: Untitled Design
  pattern_file: |
    name: MesheryGeneratedPatternFile
    services:
      Application-0.27908838824537985:
        type: Application
        namespace: Application
        traits:
          meshmap:
            position:
              posX: 209
              posY: 506
  updated_at: "2021-07-30T13:59:24.971536Z"
  user_id: 2540d988-4ae2-44ff-8688-2301be1ca87a
- created_at: "2021-07-30T13:55:21.668558Z"
  id: a7236994-e5b7-427e-9108-b4d7281e1971
  location:
    branch: ""
    host: ""
    path: ""
    type: local
  name: Untitled Design
  pattern_file: |
    name: MesheryGeneratedPatternFile
    services:
      Application-0.7878536729717105:
        type: Application
        namespace: Application
        traits:
          meshmap:
            position:
              posX: 218
              posY: 520
  updated_at: "2021-07-30T13:55:21.668567Z"
  user_id: 2540d988-4ae2-44ff-8688-2301be1ca87a
- created_at: "2021-07-30T13:55:12.185299Z"
  id: 7c89d94e-e05a-4251-ba3f-cc83d54fb435
  location:
    branch: ""
    host: ""
    path: ""
    type: local
  name: Untitled Design
  pattern_file: |
    name: MesheryGeneratedPatternFile
    services:
      Application-0.37476815392181395:
        type: Application
        namespace: Application
        traits:
          meshmap:
            position:
              posX: 471.98200252453256
              posY: 217.001940904217
  updated_at: "2021-07-30T13:55:12.185308Z"
  user_id: f76b761f-2adb-406a-b291-4ddbbd44f0c1
- created_at: "2021-07-30T13:53:55.856017Z"
  id: e47c3c76-a988-4fbd-8f50-209e4baafc03
  location:
    branch: ""
    host: ""
    path: ""
    type: local
  name: Untitled Design
  pattern_file: |
    name: MesheryGeneratedPatternFile
    services:
      IstioMesh-0.8210882560998072:
        type: IstioMesh
        namespace: IstioMesh
        traits:
          meshmap:
            position:
              posX: 594
              posY: 452
  updated_at: "2021-07-30T13:53:55.856027Z"
  user_id: 2540d988-4ae2-44ff-8688-2301be1ca87a
- created_at: "2021-07-30T13:52:42.557913Z"
  id: ecd1b220-1510-4c99-aacb-a5a6e1963ec9
  location:
    branch: ""
    host: ""
    path: ""
    type: local
  name: Untitled Design
  pattern_file: |
    name: MesheryGeneratedPatternFile
    services:
      Application-0.2274220971228964:
        type: Application
        namespace: Application
        traits:
          meshmap:
            position:
              posX: 462
              posY: 514
  updated_at: "2021-07-30T13:52:42.557923Z"
  user_id: 2540d988-4ae2-44ff-8688-2301be1ca87a
- created_at: "2021-07-30T13:44:12.366024Z"
  id: 41f81b3d-64dc-42de-8b68-fa904ec46da9
  location:
    branch: ""
    host: ""
    path: ""
    type: local
  name: Untitled Design
  pattern_file: |
    name: MesheryGeneratedPatternFile
    services:
      Application-0.8005725680310047:
        type: Application
        namespace: Application
        traits:
          meshmap:
            position:
              posX: 552
              posY: 495
      Application-0.09360455543391955:
        type: Application
        namespace: Application
        traits:
          meshmap:
            position:
              posX: 288
              posY: 541
  updated_at: "2021-07-30T13:51:36.224203Z"
  user_id: 2540d988-4ae2-44ff-8688-2301be1ca87a
- created_at: "2021-07-30T13:49:04.111646Z"
  id: e793dfc9-d1be-4747-98b7-623b50188432
  location:
    branch: ""
    host: ""
    path: ""
    type: local
  name: Untitled Design
  pattern_file: |
    name: MesheryGeneratedPatternFile
    services:
      Application-0.176390234717001:
        type: Application
        namespace: Application
        traits:
          meshmap:
            position:
              posX: 433
              posY: 478
  updated_at: "2021-07-30T13:49:04.111656Z"
  user_id: 2540d988-4ae2-44ff-8688-2301be1ca87a
- created_at: "2021-07-30T13:43:20.480596Z"
  id: ef074b5c-46f1-4900-8e6b-6e582cf0c8dc
  location:
    branch: ""
    host: ""
    path: ""
    type: local
  name: Untitled Design
  pattern_file: |
    name: MesheryGeneratedPatternFile
    services:
      IstioMesh-0.17864617140697137:
        type: IstioMesh
        namespace: IstioMesh
        traits:
          meshmap:
            position:
              posX: 499
              posY: 534
  updated_at: "2021-07-30T13:43:20.480605Z"
  user_id: 2540d988-4ae2-44ff-8688-2301be1ca87a
- created_at: "2021-07-30T13:43:09.919549Z"
  id: 2606d710-2915-4693-8384-ba7cd57e9a24
  location:
    branch: ""
    host: ""
    path: ""
    type: local
  name: Untitled Design
  pattern_file: |
    name: MesheryGeneratedPatternFile
    services:
      Application-0.621009018425815:
        type: Application
        namespace: Application
        traits:
          meshmap:
            position:
              posX: 470
              posY: 531
  updated_at: "2021-07-30T13:43:09.919559Z"
  user_id: 2540d988-4ae2-44ff-8688-2301be1ca87a
- created_at: "2023-07-31T16:22:41+01:00"
  id: 957fbc9b-708d-4396-84b8-e2ba37c1adcc
  location:
    branch: ""
    host: ""
    path: ""
    type: local
  name: kumatest
  pattern_file:
    name: MesheryGeneratedPatternFile
    services:
      VirtualService-0.4157272729581598:
        namespace: VirtualService
        traits:
          meshmap:
            position:
              posX: 313
              posY: 173
        type: VirtualService
  updated_at: "2023-07-31T16:22:41+01:00"
  user_id: 990f779c-708d-4396-84b8-e2ba37c1adcc
total_count: 318


=== Design Summary ===
Name: Untitled Design
Type: <nil>

Components:
  1. <nil> (Unknown)

Relationships:
  1.   ()

Note: Design elements are nested in the structure

===========================
