patterns:
- id: test-id
  name: design
  pattern_file:
    components:
    - component:
        kind: Service
      displayName: Test Component
    name: MesheryGeneratedPatternFile
    relationships:
    - kind: Network
      selectors:
      - allow:
          from:
          - id: 2c968812-29c9-456c-b015-fe0272f95998
          to:
          - id: 16e420e3-b923-43db-b33b-ff28480ba6b6
      status: Active
      subType: Service


=== Design Summary ===
Name: design
Type: <nil>

Components:
  1. Test Component (Service)

Relationships:
  1. Network Service (Active)

Note: Design elements are nested in the structure

===========================
