{"id":"957fbc9b-a655-4892-823d-375102a9587c","name":"KumaTest","user_id":"24187768-ce8a-41f0-be74-c537c8e41adc","filter_file":null,"filter_resource":"test filter resource","location":{"branch":"","host":"","path":"","type":"local"},"visibility":"public","catalog_data":{},"created_at":"2021-06-26T15:22:41.759701Z","updated_at":"2021-06-26T15:22:41.759711Z"}
