{
  "myapp": [
    {
      "Summary": [
        {
          "Kind": "Application",
          "Model": "kubernetes",
          "CompName": "myapp",
          "Success": true,
          "DesignName": "SampleApp",
          "Message": "deployed SampleApp/myapp",
          "Metadata": null,
          "Error": null
        }
      ],
      "SystemName": "kubernetes",
      "Location": "https://localhost:6443"
    }
  ]
}