[{"application_data":{"application_file":"name: meshapp # display name in Meshery UI\nservices:\n  myapp:\n    type: Application\n    namespace: test\n    settings:\n      replicas: 1\n      containers:\n        - name: meshy\n          image: philip21/meshy:v5\n          ports:\n            - name: http\n              containerPort: 8080\n"},"save":true}]