created_at: "2021-06-26T15:22:41.759701Z"
filter_file: "name: KumaTest\r\nversion: Rollouts-2.3.0\r\nservices:\r\n  istio:\r\n
  \   type: IstioMesh\r\n    namespace: istio-system\r\n    settings:\r\n      version:
  1.8.2\r\n    traits:\r\n      mTLS:\r\n        policy: mutual\r\n        namespaces:\r\n
  \         - istio-test\r\n      automaticSidecarInjection:\r\n        namespaces:\r\n
  \         - default\r\n          - istio-test\r\n      meshmap:\r\n        position:\r\n
  \         x: 98\r\n          y: 100\r\n\r\n  svc:\r\n    type: Rollout\r\n    namespace:
  istio-test\r\n    settings:\r\n      replicas: 5\r\n      containers:\r\n        -
  name: svc-demo\r\n          image: utkarsh23/meshy:v5\r\n          ports:\r\n            -
  name: http\r\n              containerPort: 8080\r\n              protocol: TCP\r\n
  \         resources:\r\n            requests:\r\n              memory: 32Mi\r\n
  \             cpu: 5m\r\n      svcPorts:\r\n        - 8080:8080\r\n    traits:\r\n
  \     strategy:\r\n        canary:\r\n          steps:\r\n            - setWeight:
  20\r\n            - pause: { duration: 20 }\r\n            - setWeight: 40\r\n            -
  pause: { duration: 10 }\r\n\r\n  prometheus:\r\n    type: PrometheusIstioAddon\r\n
  \   namespace: istio-system\r\n    dependsOn:\r\n      - istio\r\n      - svc\r\n
  \ \r\n  grafana:\r\n    type: GrafanaIstioAddon\r\n    namespace: istio-system\r\n
  \   dependsOn:\r\n      - prometheus\r\n\r\n"
id: 957fbc9b-a655-4892-823d-375102a9587c
location:
  branch: ""
  host: ""
  path: ""
  type: local
name: KumaTest
updated_at: "2021-06-26T15:22:41.759711Z"
user_id: 24187768-ce8a-41f0-be74-c537c8e41adc

