Name: test-1
ID: 61d55ce9-831d-4130-93b4-69e66045ff39
Endpoint: https://www.spotify.com
Load Generators: fortio
Test run duration: 30s
#####################
Name: test
ID: 97394dfc-16d2-4071-ab6d-66839d7d52da
Endpoint: https://www.spotify.com
Load Generators: fortio
Test run duration: 30s
#####################
Name: test
ID: 68fa2f61-85db-4d01-bcd1-18cc9bc21ff8
Endpoint: https://www.google.com
Load Generators: fortio
Test run duration: 30s
#####################
Name: test
ID: 836a6b70-5b96-4ec9-91c8-2aa225c10d43
Endpoint: https://www.google.com
Load Generators: fortio
Test run duration: 30s
#####################
Name: test
ID: abe862af-92d4-42d3-b836-e2fbf5924296
Endpoint: https://www.google.com
Load Generators: fortio
Test run duration: 30s
#####################
