Total number of connections: 5
Page: 1
ID                                    NAME                TYPE      KIND        STATUS     
f3c8b9b1-3d1a-4d8b-9e92-123456789111  minikube            platform  kubernetes  connected  
f3c8b9b1-3d1a-4d8b-9e92-123456789222  playground-context  platform  kubernetes  deleted    
f3c8b9b1-3d1a-4d8b-9e92-123456789555  meshery-ex3         platform  kubernetes  connected  
f3c8b9b1-3d1a-4d8b-9e92-123456789666  meshery-ex4         platform  kubernetes  connected  
f3c8b9b1-3d1a-4d8b-9e92-123456789999  meshery-ex7         platform  kubernetes  connected  
