MODEL NAME                            
admin-console-operator               	
aks-appgw-fe                         	
ambassador                           	
apache-shardingsphere-operator-charts	
aperture-agent                       	
aperture-controller                  	
apisix-ingress-controller            	
apisix-ingress-controller            	
appmesh-controller                   	
argo-cd                              	
argo-cd                              	
argo-workflows                       	
argocd-operator                      	
aws-api-gateway-operator             	
aws-load-balancer-controller         	
aws-node-termination-handler-2       	
aws-target-group-binding             	
aws-vpc-cni                          	
camel-k                              	
capsule-proxy                        	
cd-pipeline-operator                 	
cert-manager-csi-driver-cacerts      	
chaos-mesh                           	
contour-operator                     	
dapr                                 	
elasticsearch-operator               	
etcd-cluster-operator                	
external-secrets-operator            	
flagger                              	
fluent-operator                      	
fluent-operator                      	
fluentbit-operator                   	
fluentbit-operator                   	
fluentd-operator                     	
gatekeeper                           	
gatekeeper                           	
github-actions-runner-operator       	
github-actions-runners               	
gitlab-runner-operator               	
grafana-operator                     	
grafana-operator                     	
grafana-ui-server                    	
harbor-operator                      	
helm-controller                      	
identity-manager                     	
istio-base                           	
istio-operator                       	
istio-ratelimit-operator             	
jenkins-operator                     	
jenkins-operator                     	
jira-service-desk-operator           	
jitsi                                	
karpenter                            	
katib                                	
keycloak-operator                    	
keycloak-operator                    	
keycloak-operator                    	
kiali-operator                       	
knative                              	
knative                              	
kube-prometheus-stack                	
kube-ui-server                       	
kubedb-catalog                       	
kubedb-crds                          	
kubedb-ops-manager                   	
kubedb-opscenter                     	
kubedb-ui-server                     	
kubeflow                             	
kubernetes                           	
kubernetes                           	
kubevault                            	
kubevault-catalog                    	
kubevault-crds                       	
kubevault-operator                   	
kuma                                 	
kusk-gateway                         	
kyverno-monitor                      	
litmus-core                          	
mattermost-operator                  	
meshery                              	
meshery                              	
meshery                              	
minio-operator                       	
mpi-operator                         	
mysql-operator                       	
mysql-operator                       	
nats-operator                        	
nginx-ingress                        	
nginx-service-mesh                   	
openebs                              	
pg-db                                	
pgo                                  	
porter                               	
postgres-controller                  	
postgres-operator                    	
postgres-with-operator               	
ps-db                                	
ps-operator                          	
psmdb-operator                       	
pulsar-operator                      	
pulsar-resources-operator            	
rabbitmq-cluster-operator            	
rabbitmq-operator                    	
spire                                	
stackgres-operator                   	
terraform                            	
trickster                            	
kubernetes                           	
kubernetes                           	
