MODEL                                      CATEGORY                             VERSION
admin-console-operator                    Provisioning                         2.14.0-SNAPSHOT.4
ambassador                                Cloud Native Network                 6.9.5
amd-gpu                                   Provisioning                         0.6.0
antrea                                    Runtime                              1.11.0
apache-shardingsphere-operator-charts     App Definition and Development       0.2.0
aperture-agent                           Orchestration & Management           1.0.0
aperture-controller                      Orchestration & Management           1.0.0
apisix                                    Provisioning                         1.3.0
apisix-ingress-controller                Cloud Native Network                 0.11.3
apisix-ingress-controller                Cloud Native Network                 0.8.0
appmesh-controller                       Cloud Native Network                 1.11.0
argo-cd                                   App Definition and Development      3.3.5
argo-cd                                   App Definition and Development      4.5.1
argo-workflows                            App Definition and Development      5.1.12
argocd-operator                          App Definition and Development      0.4.1
armory-spinnaker-operator                App Definition and Development      1.8.4
aws                                      Provisioning                         1.0.0
aws                                      Security & Compliance                1.0.0
aws                                      Analytics                            1.0.0
aws                                      Cloud Native Storage                 1.0.0
aws                                      Observability and Analysis           1.0.0
aws                                      Machine Learning                     1.0.0
aws-apigatewayv2-controller             Cloud Native Network                 1.0.7
aws-applicationautoscaling-controller   Provisioning                         1.0.8
aws-cloudfront-controller               Cloud Native Network                 0.0.0-non-release-version
