id: bda7b409-8025-5428-8274-0c1399d20069
versionmeta:
  schemaVersion: core.meshery.io/v1beta1
  version: v1.0.0
name: spire
displayname: SPIRE
description: ""
status: enabled
registrantid: 26e64aa8-2d86-57bd-92b3-2a73160d27b4
registrant:
  id: 00000000-0000-0000-0000-000000000000
  hostname: artifacthub
  port: 0
  metadata: ""
  createdat: 0001-01-01T00:00:00Z
  updatedat: 0001-01-01T00:00:00Z
  ihost: null
categoryid: 00000000-0000-0000-0000-000000000000
category:
  id: 00000000-0000-0000-0000-000000000000
  name: Security & Compliance
  metadata: {}
subcategory: ""
metadata:
  isAnnotation: false
  source_uri: https://github.com/philips-labs/helm-charts/releases/download/spire-0.12.2/spire-0.12.2.tgz
  svgColor: ui/public/static/img/meshmodels/spire/color/spire-color.svg
  svgWhite: ui/public/static/img/meshmodels/spire/white/spire-white.svg
model:
  version: 0.12.2
components: []
relationships: null
