id: 00000000-0000-0000-0000-000000000000
versionmeta:
  schemaVersion: ""
  version: 0.12.2
name: spire
displayname: SPIRE
description: ""
status: ""
registrantid: 00000000-0000-0000-0000-000000000000
registrant:
  id: 00000000-0000-0000-0000-000000000000
  hostname: ""
  port: 0
  metadata: ""
  createdat: 0001-01-01T00:00:00Z
  updatedat: 0001-01-01T00:00:00Z
  ihost: null
categoryid: 00000000-0000-0000-0000-000000000000
category:
  id: 00000000-0000-0000-0000-000000000000
  name: Security & Compliance
  metadata: {}
subcategory: ""
metadata:
  svgColor: ui/public/static/img/meshmodels/identity-manager/color/workloadidentity-color.svg
  svgWhite: ui/public/static/img/meshmodels/identity-manager/white/workloadidentity-white.svg
model:
  version: ""
components: []
relationships: null
