[H[2J[3J

  [1mID                                  [0m  [1mNAME       [0m  [1mORGANIZATION ID                     [0m  [1mDESCRIPTION[0m  [1mCREATED AT                    [0m  [1mUPDATED AT                    [0m  
  0dd47d1a-d1c9-47dc-897c-40bf4a71d96b  workspace-0  2d2c0b60-076a-4f0a-8a63-de538570a553               2024-05-01 14:24:26.84361       2024-05-01 14:24:26.84362       
                                                                                                        +0000 UTC                       +0000 UTC                       
  e56542ee-e9a4-4b68-a599-e017532a9341  workspace-1  2d2c0b60-076a-4f0a-8a63-de538570a553               2024-04-13 01:31:14.795689      2024-04-13 01:31:14.795699      
                                                                                                        +0000 UTC                       +0000 UTC                       
  4e9e1716-48d8-44e6-ae0f-e440cd5e0e18  workspace-2  2d2c0b60-076a-4f0a-8a63-de538570a553               2024-04-08 11:02:08.660159      2024-04-08 11:02:08.660169      
                                                                                                        +0000 UTC                       +0000 UTC                       
  7090bab8-3eb3-4f61-9acc-81d7215ca53a  workspace-3  2d2c0b60-076a-4f0a-8a63-de538570a553               2024-04-08 11:01:52.364684      2024-04-08 11:01:52.364695      
                                                                                                        +0000 UTC                       +0000 UTC                       
  d47de0e3-dfc2-4778-a440-100221adf88c  workspace-4  2d2c0b60-076a-4f0a-8a63-de538570a553               2024-04-08 11:01:30.608658      2024-04-08 11:01:30.608668      
                                                                                                        +0000 UTC                       +0000 UTC                       
