Meshery resetting...

Current Context: local
Channel: stable
Version: latest
Platform: kubernetes

Fetching Meshery Server and Meshery Operator manifests...
downloading manifest files from https://github.com/meshery/meshery/tree/v0.5.43/install/deployment_yamls/k8s
...meshconfig has been reset to default settings.
