Total number of environments: 1
Page: 1
ID                                    NAME              ORGANIZATION ID                       DESCRIPTION       CREATED AT                            UPDATED AT                            
2d2c0b60-076a-4f0a-8a63-de538570a553  test-environment  2d2c0b60-076a-4f0a-8a63-de538570a553  integration test  2025-03-23 02:34:18.001826 +0000 UTC  2025-03-23 02:34:18.001828 +0000 UTC  
