[90;47;1mTotal number of environments: 1[0;0;22m
[H[2J[3J

[1mID[22m                                    [1mNAME[22m              [1mORGANIZATION ID[22m                       [1mDESCRIPTION[22m       [1mCREATED AT[22m                            [1mUPDATED AT[22m                            
2d2c0b60-076a-4f0a-8a63-de538570a553  test-environment  2d2c0b60-076a-4f0a-8a63-de538570a553  integration test  2025-03-23 02:34:18.001826 +0000 UTC  2025-03-23 02:34:18.001828 +0000 UTC  
