[90;47;1mTotal number of environments: 1[0;0;22m
[H[2J[3J

  [1mID                                  [0m  [1mNAME            [0m  [1mORGANIZATION ID                     [0m  [1mDESCRIPTION     [0m  [1mCREATED AT                    [0m  [1mUPDATED AT                    [0m  
  303ed294-1e3a-4d7f-acf8-dbc8ba4b765e  test-environment  00000000-0000-0000-0000-000000000000  integration test  2025-03-23 02:34:18.001826      2025-03-23 02:34:18.001828      
                                                                                                                  +0000 UTC                       +0000 UTC                       
